// Jest Snapshot v1, https://goo.gl/fbAQLP

exports[`SortableLists component matches the snapshot 1`] = `
<DocumentFragment>
  <section>
    <div
      class="govuk-form-group"
    >
      <label
        class="govuk-label"
        for="sort"
      >
        Sort by
      </label>
      <select
        class="govuk-select"
        id="sort"
        name="sort"
      >
        <option
          disabled=""
          hidden=""
          value=""
        >
          Sort by
        </option>
        <option
          value="category"
        >
          Category
        </option>
      </select>
    </div>
    <div
      class="govuk-grid-row"
      data-testid="grid-row"
    >
      <div
        class="govuk-grid-column-one-quarter"
        data-testid="grid-column"
      >
        <h3
          class="govuk-heading-m"
        >
          A
        </h3>
        <ul
          class="govuk-list govuk-list--spaced govuk-!-padding-top-4"
        >
          <li>
            Item 1
          </li>
          <li>
            Item 3
          </li>
        </ul>
      </div>
      <div
        class="govuk-grid-column-one-quarter"
        data-testid="grid-column"
      >
        <h3
          class="govuk-heading-m"
        >
          B
        </h3>
        <ul
          class="govuk-list govuk-list--spaced govuk-!-padding-top-4"
        >
          <li>
            Item 2
          </li>
          <li>
            Item 4
          </li>
        </ul>
      </div>
    </div>
  </section>
</DocumentFragment>
`;
